// Vitest Snapshot v1, https://vitest.dev/guide/snapshot.html

exports[`maze > generates a deterministic maze layout for a fixed random source 1`] = `
{
  "finalPosition": [
    3,
    3,
  ],
  "maze": [
    [
      "|",
      "---",
      "|",
      "---",
      "-",
      "---",
      "-",
      "---",
      "-",
      "---",
      "|",
    ],
    [
      "|",
      "   ",
      "|",
      "   ",
      " ",
      "   ",
      " ",
      "   ",
      " ",
      "   ",
      "|",
    ],
    [
      "|",
      "   ",
      "|",
      "   ",
      "|",
      "   ",
      "-",
      "---",
      "-",
      "---",
      "|",
    ],
    [
      "|",
      "   ",
      "|",
      "   ",
      "|",
      "   ",
      " ",
      "   ",
      " ",
      "   ",
      "|",
    ],
    [
      "|",
      "   ",
      "|",
      "---",
      "|",
      "---",
      "-",
      "---",
      "-",
      "   ",
      "|",
    ],
    [
      "|",
      "   ",
      " ",
      "   ",
      "|",
      "   ",
      " ",
      "   ",
      " ",
      "   ",
      "|",
    ],
    [
      "|",
      "---",
      "|",
      "   ",
      "|",
      "   ",
      "-",
      "---",
      "|",
      "   ",
      "|",
    ],
    [
      "|",
      "   ",
      "|",
      "   ",
      "|",
      "   ",
      " ",
      "   ",
      "|",
      "   ",
      "|",
    ],
    [
      "|",
      "   ",
      "|",
      "   ",
      "|",
      "---",
      "-",
      "   ",
      "|",
      "   ",
      "|",
    ],
    [
      "|",
      "   ",
      " ",
      "   ",
      " ",
      "   ",
      " ",
      "   ",
      "|",
      "   ",
      "|",
    ],
    [
      "|",
      "---",
      "-",
      "---",
      "-",
      "---",
      "-",
      "---",
      "|",
      "---",
      "|",
    ],
  ],
  "startPosition": [
    1,
    1,
  ],
}
`;
