// Vitest Snapshot v1, https://vitest.dev/guide/snapshot.html

exports[`maze > generates a deterministic maze layout for a fixed random source 1`] = `
{
  "finalPosition": {
    "x": 1,
    "y": 1,
  },
  "maze": [
    [
      "|",
      "---",
      "-",
      "---",
      "-",
      "---",
      "|",
      "---",
      "-",
      "---",
      "|",
    ],
    [
      "|",
      "   ",
      " ",
      "   ",
      " ",
      "   ",
      "|",
      "   ",
      " ",
      "   ",
      "|",
    ],
    [
      "|",
      "---",
      "-",
      "   ",
      "|",
      "---",
      "|",
      "   ",
      "|",
      "   ",
      "|",
    ],
    [
      "|",
      "   ",
      " ",
      "   ",
      "|",
      "   ",
      " ",
      "   ",
      "|",
      "   ",
      "|",
    ],
    [
      "|",
      "   ",
      "-",
      "---",
      "|",
      "   ",
      "|",
      "---",
      "|",
      "   ",
      "|",
    ],
    [
      "|",
      "   ",
      " ",
      "   ",
      " ",
      "   ",
      "|",
      "   ",
      " ",
      "   ",
      "|",
    ],
    [
      "|",
      "---",
      "-",
      "---",
      "-",
      "---",
      "|",
      "   ",
      "-",
      "---",
      "|",
    ],
    [
      "|",
      "   ",
      " ",
      "   ",
      " ",
      "   ",
      "|",
      "   ",
      " ",
      "   ",
      "|",
    ],
    [
      "|",
      "   ",
      "-",
      "---",
      "|",
      "   ",
      "|",
      "---",
      "-",
      "   ",
      "|",
    ],
    [
      "|",
      "   ",
      " ",
      "   ",
      "|",
      "   ",
      " ",
      "   ",
      " ",
      "   ",
      "|",
    ],
    [
      "|",
      "---",
      "-",
      "---",
      "|",
      "---",
      "-",
      "---",
      "-",
      "---",
      "|",
    ],
  ],
  "startPosition": {
    "x": 3,
    "y": 9,
  },
}
`;
